
no tests ran in 0.36s
ERROR conda.cli.main_run:execute(127): `conda run python -m pytest -q` failed. (See above for error)
